2026-10-08 05:10:35,348 - INFO - [STEP 2] DEV Container Started
2026-10-08 05:54:05,019 - INFO - CREDENTIALS_COLLECTED
2026-10-08 06:40:21,938 - INFO - [STEP 2] DEV Container Started
2026-10-08 06:43:07,143 - INFO - CREDENTIALS_COLLECTED
2026-10-08 06:50:47,576 - INFO - [STEP 2] DEV Container Started
2026-10-08 06:52:11,878 - INFO - CREDENTIALS_COLLECTED
2026-10-08 06:56:46,029 - INFO - [STEP 2] DEV Container Started
2026-10-08 06:58:24,077 - INFO - CREDENTIALS_COLLECTED
2026-10-08 06:58:24,411 - INFO - Connected (version 2.0, client Cisco-1.25)
2026-10-08 06:58:25,581 - INFO - Authentication (password) successful!
2026-10-08 06:58:26,528 - INFO - CONNECT_OK
2026-10-08 06:58:27,177 - INFO - CMD_RUN:show version
2026-10-08 06:58:27,808 - INFO - CMD_RUN:show ip interface brief
2026-10-08 06:58:28,401 - INFO - CMD_RUN:show inventory
2026-10-08 06:58:28,636 - INFO - PARSE_OK:show version
2026-10-08 06:58:28,642 - INFO - PARSE_OK:show ip interface brief
2026-10-08 06:58:28,646 - INFO - PARSE_OK:show inventory
2026-10-08 06:58:28,653 - INFO - REPORT_SAVED
2026-10-08 06:59:02,094 - INFO - [STEP 2] DEV Container Started
2026-10-08 06:59:37,788 - INFO - CREDENTIALS_COLLECTED
2026-10-08 06:59:37,965 - INFO - Connected (version 2.0, client Cisco-1.25)
2026-10-08 06:59:40,884 - INFO - Authentication (password) failed.
2026-10-08 07:01:42,205 - INFO - [STEP 2] DEV Container Started
2026-10-08 07:02:50,230 - INFO - CREDENTIALS_COLLECTED
2026-10-08 07:02:50,440 - INFO - Connected (version 2.0, client Cisco-1.25)
2026-10-08 07:02:51,248 - INFO - Authentication (password) successful!
2026-10-08 07:02:52,208 - INFO - CONNECT_OK
2026-10-08 07:02:52,792 - INFO - CMD_RUN:show version
2026-10-08 07:02:53,422 - INFO - CMD_RUN:show ip interface brief
2026-10-08 07:02:54,027 - INFO - CMD_RUN:show inventory
2026-10-08 07:02:54,240 - INFO - PARSE_OK:show version
2026-10-08 07:02:54,243 - INFO - PARSE_OK:show ip interface brief
2026-10-08 07:02:54,246 - INFO - PARSE_OK:show inventory
2026-10-08 07:02:54,261 - INFO - REPORT_SAVED
2026-10-09 13:31:21,062 - INFO - LAB2_START
2026-10-09 13:31:21,069 - INFO - [STEP 2] DEV Container Started
2026-10-09 13:44:06,270 - INFO - LAB2_START
2026-10-09 13:44:06,272 - INFO - [STEP 2] DEV Container Started
2026-10-09 13:49:46,057 - INFO - CREDENTIALS_COLLECTED
2026-10-09 13:49:46,323 - INFO - Connected (version 2.0, client Cisco-1.25)
2026-10-09 13:49:49,225 - INFO - Authentication (password) failed.
2026-10-09 13:51:22,847 - INFO - LAB2_START
2026-10-09 13:51:22,847 - INFO - [STEP 2] DEV Container Started
2026-10-09 13:52:17,300 - INFO - CREDENTIALS_COLLECTED
2026-10-09 13:52:17,478 - INFO - Connected (version 2.0, client Cisco-1.25)
2026-10-09 13:52:18,200 - INFO - Authentication (password) successful!
2026-10-09 13:52:19,107 - INFO - CONNECT_OK
2026-10-09 13:52:19,584 - INFO - CMD_RUN:show version
2026-10-09 13:52:20,174 - INFO - CMD_RUN:show ip interface brief
2026-10-09 13:52:20,689 - INFO - CMD_RUN:show inventory
2026-10-09 13:52:20,873 - INFO - PARSE_OK:show version
2026-10-09 13:52:20,876 - INFO - PARSE_OK:show ip interface brief
2026-10-09 13:52:20,879 - INFO - PARSE_OK:show inventory
2026-10-09 13:52:20,893 - INFO - REPORT_SAVED
2026-10-09 13:52:20,987 - INFO - LAB2_END
2026-10-09 14:10:20,946 - INFO - LAB2_START
2026-10-09 14:10:20,957 - INFO - [STEP 2] DEV Container Started
2026-10-09 14:13:51,504 - INFO - CREDENTIALS_COLLECTED
2026-10-09 14:13:51,727 - INFO - Connected (version 2.0, client Cisco-1.25)
2026-10-09 14:13:52,644 - INFO - Authentication (password) successful!
2026-10-09 14:13:53,566 - INFO - CONNECT_OK
2026-10-09 14:13:54,047 - INFO - CMD_RUN:show version
2026-10-09 14:13:54,608 - INFO - CMD_RUN:show ip interface brief
2026-10-09 14:13:55,116 - INFO - CMD_RUN:show inventory
2026-10-09 14:13:55,326 - INFO - PARSE_OK:show version
2026-10-09 14:13:55,329 - INFO - PARSE_OK:show ip interface brief
2026-10-09 14:13:55,332 - INFO - PARSE_OK:show inventory
2026-10-09 14:13:55,339 - INFO - REPORT_SAVED
2026-10-09 14:13:55,428 - INFO - LAB2_END
2026-10-09 14:27:10,949 - INFO - LAB2_START
2026-10-09 14:27:10,950 - INFO - [STEP 2] DEV Container Started
2026-10-09 14:28:41,949 - INFO - CREDENTIALS_COLLECTED
2026-10-09 14:28:42,139 - INFO - Connected (version 2.0, client Cisco-1.25)
2026-10-09 14:28:42,756 - INFO - Authentication (password) successful!
2026-10-09 14:28:43,668 - INFO - CONNECT_OK
2026-10-09 14:28:44,163 - INFO - CMD_RUN:show version
2026-10-09 14:28:44,733 - INFO - CMD_RUN:show ip interface brief
2026-10-09 14:28:45,213 - INFO - CMD_RUN:show inventory
2026-10-09 14:28:45,439 - INFO - PARSE_OK:show version
2026-10-09 14:28:45,443 - INFO - PARSE_OK:show ip interface brief
2026-10-09 14:28:45,447 - INFO - PARSE_OK:show inventory
2026-10-09 14:28:45,453 - INFO - REPORT_SAVED
2026-10-09 14:28:45,538 - INFO - LAB2_END
